Plug in SIM, microSD card, IoT test card, and expansion-connector test board then press ENTER

Connect power jumper across pins 2 & 3 then press ENTER

Confirm "battery protect" switch is OFF (preventing the device from booting on battery power)then press ENTER

Connect battery press ENTER

Switch battery protect switch ON then press ENTER

Do you see hardware-controlled tri-colour LED goes green? (Y/N)
Do you see hardware-controlled tri-colour LED goes green? (Y/N)
Hardware-controlled tri-colour LED doens't go green. Switch battery protect doesn't work.
Failed to setup target
ssh: connect to host 192.168.2.2 port 22: Connection timed out
Testing Failed
Restoring target
Removing testing folder
ssh: connect to host 192.168.2.2 port 22: Connection timed out
Restoring Legato
ssh: connect to host 192.168.2.2 port 22: Connection timed out
rm: can't remove '/legato/smack/relabel-self': Operation not permitted
rm: can't remove '/legato/smack/ipv6host': Operation not permitted
rm: can't remove '/legato/smack/ptrace': Operation not permitted
rm: can't remove '/legato/smack/syslog': Operation not permitted
rm: can't remove '/legato/smack/change-rule': Operation not permitted
rm: can't remove '/legato/smack/revoke-subject': Operation not permitted
rm: can't remove '/legato/smack/cipso2': Operation not permitted
rm: can't remove '/legato/smack/access2': Operation not permitted
rm: can't remove '/legato/smack/load-self2': Operation not permitted
rm: can't remove '/legato/smack/load2': Operation not permitted
rm: can't remove '/legato/smack/mapped': Operation not permitted
rm: can't remove '/legato/smack/access': Operation not permitted
rm: can't remove '/legato/smack/load-self': Operation not permitted
rm: can't remove '/legato/smack/logging': Operation not permitted
rm: can't remove '/legato/smack/onlycap': Operation not permitted
rm: can't remove '/legato/smack/netlabel': Operation not permitted
rm: can't remove '/legato/smack/ambient': Operation not permitted
rm: can't remove '/legato/smack/direct': Operation not permitted
rm: can't remove '/legato/smack/doi': Operation not permitted
rm: can't remove '/legato/smack/cipso': Operation not permitted
rm: can't remove '/legato/smack/load': Operation not permitted
rm: can't remove '/legato/smack': Device or resource busy
rm: can't remove '/legato/systems/current/appsWriteable/imu/bin/imu': Device or resource busy
rm: can't remove '/legato/systems/current/appsWriteable/imu/bin': Directory not empty
rm: can't remove '/legato/systems/current/appsWriteable/imu/dev/log': Device or resource busy
rm: can't remove '/legato/systems/current/appsWriteable/imu/dev': Directory not empty
rm: can't remove '/legato/systems/current/appsWriteable/imu/lib/libComponent_periodicSensor.so': Device or resource busy
rm: can't remove '/legato/systems/current/appsWriteable/imu/lib/ld-linux.so.3': Device or resource busy
rm: can't remove '/legato/systems/current/appsWriteable/imu/lib/libdl.so.2': Device or resource busy
rm: can't remove '/legato/systems/current/appsWriteable/imu/lib/libm.so.6': Device or resource busy
rm: can't remove '/legato/systems/current/appsWriteable/imu/lib/libComponent_fileUtils.so': Device or resource busy
rm: can't remove '/legato/systems/current/appsWriteable/imu/lib/libgcc_s.so.1': Device or resource busy
rm: can't remove '/legato/systems/current/appsWriteable/imu/lib/libpthread.so.0': Device or resource busy
rm: can't remove '/legato/systems/current/appsWriteable/imu/lib/libc.so.6': Device or resource busy
rm: can't remove '/legato/systems/current/appsWriteable/imu/lib/libComponent_imu.so': Device or resource busy
rm: can't remove '/legato/systems/current/appsWriteable/imu/lib/librt.so.1': Device or resource busy
rm: can't remove '/legato/systems/current/appsWriteable/imu/lib/liblegato.so': Device or resource busy
rm: can't remove '/legato/systems/current/appsWriteable/imu/lib/libstdc++.so.6': Device or resource busy
rm: can't remove '/legato/systems/current/appsWriteable/imu/lib': Directory not empty
rm: can't remove '/legato/systems/current/appsWriteable/imu/tmp/legato/serviceDirectoryClient': Device or resource busy
rm: can't remove '/legato/systems/current/appsWriteable/imu/tmp/legato/serviceDirectoryServer': Device or resource busy
rm: can't remove '/legato/systems/current/appsWriteable/imu/tmp/legato': Directory not empty
rm: can't remove '/legato/systems/current/appsWriteable/imu/tmp': Device or resource busy
rm: can't remove '/legato/systems/current/appsWriteable/imu/driver/in_temp_scale': Device or resource busy
rm: can't remove '/legato/systems/current/appsWriteable/imu/driver/in_accel_scale': Device or resource busy
rm: can't remove '/legato/systems/current/appsWriteable/imu/driver/in_accel_x_raw': Device or resource busy
rm: can't remove '/legato/systems/current/appsWriteable/imu/driver/in_accel_y_raw': Device or resource busy
rm: can't remove '/legato/systems/current/appsWriteable/imu/driver/in_accel_z_raw': Device or resource busy
rm: can't remove '/legato/systems/current/appsWriteable/imu/driver/in_temp_offset': Device or resource busy
rm: can't remove '/legato/systems/current/appsWriteable/imu/driver/in_temp_raw': Device or resource busy
rm: can't remove '/legato/systems/current/appsWriteable/imu/driver/in_anglvel_scale': Device or resource busy
rm: can't remove '/legato/systems/current/appsWriteable/imu/driver/in_anglvel_x_raw': Device or resource busy
rm: can't remove '/legato/systems/current/appsWriteable/imu/driver/in_anglvel_y_raw': Device or resource busy
rm: can't remove '/legato/systems/current/appsWriteable/imu/driver/in_anglvel_z_raw': Device or resource busy
rm: can't remove '/legato/systems/current/appsWriteable/imu/driver': Directory not empty
rm: can't remove '/legato/systems/current/appsWriteable/imu': Device or resource busy
rm: can't remove '/legato/systems/current/appsWriteable/vegasMode/bin/vegas': Device or resource busy
rm: can't remove '/legato/systems/current/appsWriteable/vegasMode/bin': Directory not empty
rm: can't remove '/legato/systems/current/appsWriteable/vegasMode/dev/log': Device or resource busy
rm: can't remove '/legato/systems/current/appsWriteable/vegasMode/dev': Directory not empty
rm: can't remove '/legato/systems/current/appsWriteable/vegasMode/lib/ld-linux.so.3': Device or resource busy
rm: can't remove '/legato/systems/current/appsWriteable/vegasMode/lib/libdl.so.2': Device or resource busy
rm: can't remove '/legato/systems/current/appsWriteable/vegasMode/lib/libm.so.6': Device or resource busy
rm: can't remove '/legato/systems/current/appsWriteable/vegasMode/lib/libgcc_s.so.1': Device or resource busy
rm: can't remove '/legato/systems/current/appsWriteable/vegasMode/lib/libpthread.so.0': Device or resource busy
rm: can't remove '/legato/systems/current/appsWriteable/vegasMode/lib/libComponent_vegasMode.so': Device or resource busy
rm: can't remove '/legato/systems/current/appsWriteable/vegasMode/lib/libc.so.6': Device or resource busy
rm: can't remove '/legato/systems/current/appsWriteable/vegasMode/lib/librt.so.1': Device or resource busy
rm: can't remove '/legato/systems/current/appsWriteable/vegasMode/lib/liblegato.so': Device or resource busy
rm: can't remove '/legato/systems/current/appsWriteable/vegasMode/lib/libstdc++.so.6': Device or resource busy
rm: can't remove '/legato/systems/current/appsWriteable/vegasMode/lib': Directory not empty
rm: can't remove '/legato/systems/current/appsWriteable/vegasMode/tmp/legato/serviceDirectoryClient': Device or resource busy
rm: can't remove '/legato/systems/current/appsWriteable/vegasMode/tmp/legato/serviceDirectoryServer': Device or resource busy
rm: can't remove '/legato/systems/current/appsWriteable/vegasMode/tmp/legato': Directory not empty
rm: can't remove '/legato/systems/current/appsWriteable/vegasMode/tmp': Device or resource busy
rm: can't remove '/legato/systems/current/appsWriteable/vegasMode': Device or resource busy
rm: can't remove '/legato/systems/current/appsWriteable/light/bin/lightSensor': Device or resource busy
rm: can't remove '/legato/systems/current/appsWriteable/light/bin': Directory not empty
rm: can't remove '/legato/systems/current/appsWriteable/light/dev/log': Device or resource busy
rm: can't remove '/legato/systems/current/appsWriteable/light/dev': Directory not empty
rm: can't remove '/legato/systems/current/appsWriteable/light/lib/libComponent_periodicSensor.so': Device or resource busy
rm: can't remove '/legato/systems/current/appsWriteable/light/lib/ld-linux.so.3': Device or resource busy
rm: can't remove '/legato/systems/current/appsWriteable/light/lib/libdl.so.2': Device or resource busy
rm: can't remove '/legato/systems/current/appsWriteable/light/lib/libm.so.6': Device or resource busy
rm: can't remove '/legato/systems/current/appsWriteable/light/lib/libComponent_fileUtils.so': Device or resource busy
rm: can't remove '/legato/systems/current/appsWriteable/light/lib/libgcc_s.so.1': Device or resource busy
rm: can't remove '/legato/systems/current/appsWriteable/light/lib/libpthread.so.0': Device or resource busy
rm: can't remove '/legato/systems/current/appsWriteable/light/lib/libc.so.6': Device or resource busy
rm: can't remove '/legato/systems/current/appsWriteable/light/lib/libComponent_light.so': Device or resource busy
rm: can't remove '/legato/systems/current/appsWriteable/light/lib/librt.so.1': Device or resource busy
rm: can't remove '/legato/systems/current/appsWriteable/light/lib/liblegato.so': Device or resource busy
rm: can't remove '/legato/systems/current/appsWriteable/light/lib/libstdc++.so.6': Device or resource busy
rm: can't remove '/legato/systems/current/appsWriteable/light/lib': Directory not empty
rm: can't remove '/legato/systems/current/appsWriteable/light/tmp/legato/serviceDirectoryClient': Device or resource busy
rm: can't remove '/legato/systems/current/appsWriteable/light/tmp/legato/serviceDirectoryServer': Device or resource busy
rm: can't remove '/legato/systems/current/appsWriteable/light/tmp/legato': Directory not empty
rm: can't remove '/legato/systems/current/appsWriteable/light/tmp': Device or resource busy
rm: can't remove '/legato/systems/current/appsWriteable/light/driver/in_illuminance_input': Device or resource busy
rm: can't remove '/legato/systems/current/appsWriteable/light/driver': Directory not empty
rm: can't remove '/legato/systems/current/appsWriteable/light': Device or resource busy
rm: can't remove '/legato/systems/current/appsWriteable/button/bin/button': Device or resource busy
rm: can't remove '/legato/systems/current/appsWriteable/button/bin': Directory not empty
rm: can't remove '/legato/systems/current/appsWriteable/button/dev/log': Device or resource busy
rm: can't remove '/legato/systems/current/appsWriteable/button/dev': Directory not empty
rm: can't remove '/legato/systems/current/appsWriteable/button/lib/ld-linux.so.3': Device or resource busy
rm: can't remove '/legato/systems/current/appsWriteable/button/lib/libdl.so.2': Device or resource busy
rm: can't remove '/legato/systems/current/appsWriteable/button/lib/libm.so.6': Device or resource busy
rm: can't remove '/legato/systems/current/appsWriteable/button/lib/libComponent_button.so': Device or resource busy
rm: can't remove '/legato/systems/current/appsWriteable/button/lib/libgcc_s.so.1': Device or resource busy
rm: can't remove '/legato/systems/current/appsWriteable/button/lib/libpthread.so.0': Device or resource busy
rm: can't remove '/legato/systems/current/appsWriteable/button/lib/libc.so.6': Device or resource busy
rm: can't remove '/legato/systems/current/appsWriteable/button/lib/librt.so.1': Device or resource busy
rm: can't remove '/legato/systems/current/appsWriteable/button/lib/liblegato.so': Device or resource busy
rm: can't remove '/legato/systems/current/appsWriteable/button/lib/libstdc++.so.6': Device or resource busy
rm: can't remove '/legato/systems/current/appsWriteable/button/lib': Directory not empty
rm: can't remove '/legato/systems/current/appsWriteable/button/tmp/legato/serviceDirectoryClient': Device or resource busy
rm: can't remove '/legato/systems/current/appsWriteable/button/tmp/legato/serviceDirectoryServer': Device or resource busy
rm: can't remove '/legato/systems/current/appsWriteable/button/tmp/legato': Directory not empty
rm: can't remove '/legato/systems/current/appsWriteable/button/tmp': Device or resource busy
rm: can't remove '/legato/systems/current/appsWriteable/button': Device or resource busy
rm: can't remove '/legato/systems/current/appsWriteable/helloYellow/bin/hello': Device or resource busy
rm: can't remove '/legato/systems/current/appsWriteable/helloYellow/bin/instaGrat': Device or resource busy
rm: can't remove '/legato/systems/current/appsWriteable/helloYellow/bin': Directory not empty
rm: can't remove '/legato/systems/current/appsWriteable/helloYellow/dev/log': Device or resource busy
rm: can't remove '/legato/systems/current/appsWriteable/helloYellow/dev': Directory not empty
rm: can't remove '/legato/systems/current/appsWriteable/helloYellow/lib/ld-linux.so.3': Device or resource busy
rm: can't remove '/legato/systems/current/appsWriteable/helloYellow/lib/libdl.so.2': Device or resource busy
rm: can't remove '/legato/systems/current/appsWriteable/helloYellow/lib/libm.so.6': Device or resource busy
rm: can't remove '/legato/systems/current/appsWriteable/helloYellow/lib/libncurses.so.5': Device or resource busy
rm: can't remove '/legato/systems/current/appsWriteable/helloYellow/lib/libgcc_s.so.1': Device or resource busy
rm: can't remove '/legato/systems/current/appsWriteable/helloYellow/lib/libpthread.so.0': Device or resource busy
rm: can't remove '/legato/systems/current/appsWriteable/helloYellow/lib/libtinfo.so.5': Device or resource busy
rm: can't remove '/legato/systems/current/appsWriteable/helloYellow/lib/libComponent_yellowInstantGratification.so': Device or resource busy
rm: can't remove '/legato/systems/current/appsWriteable/helloYellow/lib/libc.so.6': Device or resource busy
rm: can't remove '/legato/systems/current/appsWriteable/helloYellow/lib/librt.so.1': Device or resource busy
rm: can't remove '/legato/systems/current/appsWriteable/helloYellow/lib/libComponent_yellowCommandLine.so': Device or resource busy
rm: can't remove '/legato/systems/current/appsWriteable/helloYellow/lib/liblegato.so': Device or resource busy
rm: can't remove '/legato/systems/current/appsWriteable/helloYellow/lib/libstdc++.so.6': Device or resource busy
rm: can't remove '/legato/systems/current/appsWriteable/helloYellow/lib': Directory not empty
rm: can't remove '/legato/systems/current/appsWriteable/helloYellow/tmp/legato/serviceDirectoryClient': Device or resource busy
rm: can't remove '/legato/systems/current/appsWriteable/helloYellow/tmp/legato/serviceDirectoryServer': Device or resource busy
rm: can't remove '/legato/systems/current/appsWriteable/helloYellow/tmp/legato': Directory not empty
rm: can't remove '/legato/systems/current/appsWriteable/helloYellow/tmp': Device or resource busy
rm: can't remove '/legato/systems/current/appsWriteable/helloYellow': Device or resource busy
rm: can't remove '/legato/systems/current/appsWriteable/environment/bin/bme680EnvSensor': Device or resource busy
rm: can't remove '/legato/systems/current/appsWriteable/environment/bin/dataHubConnector': Device or resource busy
rm: can't remove '/legato/systems/current/appsWriteable/environment/bin': Directory not empty
rm: can't remove '/legato/systems/current/appsWriteable/environment/dev/log': Device or resource busy
rm: can't remove '/legato/systems/current/appsWriteable/environment/dev': Directory not empty
rm: can't remove '/legato/systems/current/appsWriteable/environment/lib/ld-linux.so.3': Device or resource busy
rm: can't remove '/legato/systems/current/appsWriteable/environment/lib/libdl.so.2': Device or resource busy
rm: can't remove '/legato/systems/current/appsWriteable/environment/lib/libm.so.6': Device or resource busy
rm: can't remove '/legato/systems/current/appsWriteable/environment/lib/libComponent_bsec.so': Device or resource busy
rm: can't remove '/legato/systems/current/appsWriteable/environment/lib/libComponent_boschBme680Driver.so': Device or resource busy
rm: can't remove '/legato/systems/current/appsWriteable/environment/lib/libgcc_s.so.1': Device or resource busy
rm: can't remove '/legato/systems/current/appsWriteable/environment/lib/libpthread.so.0': Device or resource busy
rm: can't remove '/legato/systems/current/appsWriteable/environment/lib/libc.so.6': Device or resource busy
rm: can't remove '/legato/systems/current/appsWriteable/environment/lib/libComponent_bsecIntegrationComponent.so': Device or resource busy
rm: can't remove '/legato/systems/current/appsWriteable/environment/lib/librt.so.1': Device or resource busy
rm: can't remove '/legato/systems/current/appsWriteable/environment/lib/liblegato.so': Device or resource busy
rm: can't remove '/legato/systems/current/appsWriteable/environment/lib/libstdc++.so.6': Device or resource busy
rm: can't remove '/legato/systems/current/appsWriteable/environment/lib': Directory not empty
rm: can't remove '/legato/systems/current/appsWriteable/environment/tmp/legato/serviceDirectoryClient': Device or resource busy
rm: can't remove '/legato/systems/current/appsWriteable/environment/tmp/legato/serviceDirectoryServer': Device or resource busy
rm: can't remove '/legato/systems/current/appsWriteable/environment/tmp/legato': Directory not empty
rm: can't remove '/legato/systems/current/appsWriteable/environment/tmp': Device or resource busy
rm: can't remove '/legato/systems/current/appsWriteable/environment/usr/lib/libjansson.so.4': Device or resource busy
rm: can't remove '/legato/systems/current/appsWriteable/environment/usr/lib': Directory not empty
rm: can't remove '/legato/systems/current/appsWriteable/environment/usr': Directory not empty
rm: can't remove '/legato/systems/current/appsWriteable/environment': Device or resource busy
rm: can't remove '/legato/systems/current/appsWriteable': Directory not empty
rm: can't remove '/legato/systems/current': Device or resource busy
rm: can't remove '/legato/systems': Directory not empty
[33mReboot the target, be sure that UART is released ... [0m
Checking [192.168.2.2] and proceed until it's NOT reachable..
Target is NOT reachable before timeout.
TARGET_TYPE: wp76xx
TARGET_UART is not set.
Checking [192.168.2.2] and proceed until it's  reachable..Plug in SIM, microSD card, IoT test card, and expansion-connector test board then press ENTER

Connect power jumper across pins 2 & 3 then press ENTER

Confirm "battery protect" switch is OFF (preventing the device from booting on battery power)then press ENTER

Connect battery press ENTER

Switch battery protect switch ON then press ENTER

Do you see hardware-controlled tri-colour LED goes green? (Y/N)
Hardware-controlled tri-colour LED doens't go green. Switch battery protect doesn't work.
Failed to setup target
ssh: connect to host 192.168.2.2 port 22: Connection timed out
Testing Failed
Restoring target
Removing testing folder
ssh: connect to host 192.168.2.2 port 22: Connection timed out
Restoring Legato
ssh: connect to host 192.168.2.2 port 22: Connection timed out
ssh: connect to host 192.168.2.2 port 22: Connection timed out
[33mReboot the target, be sure that UART is released ... [0m
ssh: connect to host 192.168.2.2 port 22: Connection timed out
Checking [192.168.2.2] and proceed until it's NOT reachable.
Target is NOT reachable before timeout.
TARGET_TYPE: wp76xx
TARGET_UART is not set.
Checking [192.168.2.2] and proceed until it's  reachable.................Plug in SIM, microSD card, IoT test card, and expansion-connector test board then press ENTER

Connect power jumper across pins 2 & 3 then press ENTER

Confirm "battery protect" switch is OFF (preventing the device from booting on battery power)then press ENTER

Connect battery press ENTER

Switch battery protect switch ON then press ENTER

Do you see hardware-controlled tri-colour LED goes green? (Y/N)
Hardware-controlled tri-colour LED doens't go green. Switch battery protect doesn't work.
Failed to setup target
Plug in SIM, microSD card, IoT test card, and expansion-connector test board then press ENTER

Connect power jumper across pins 2 & 3 then press ENTER

Confirm "battery protect" switch is OFF (preventing the device from booting on battery power)then press ENTER

Connect battery press ENTER

Switch battery protect switch ON then press ENTER

Do you see hardware-controlled tri-colour LED goes green? (Y/N)
Press Reset button then press ENTER

Confirm hardware-controlled LED is off the goes green? (Y/N)
Reset button has problem.
Failed to setup target
